<?xml version="1.0" encoding="UTF-8"?>
<testsuites name="jest tests" tests="10" failures="0" time="2.307">
  <testsuite name="icon" errors="0" failures="0" skipped="0" timestamp="2022-09-08T06:27:17" time="1.134" tests="2">
    <testcase classname="icon render successfully" name="icon render successfully" time="0.01">
    </testcase>
    <testcase classname="icon onClick" name="icon onClick" time="0.026">
    </testcase>
  </testsuite>
  <testsuite name="button" errors="0" failures="0" skipped="0" timestamp="2022-09-08T06:27:18" time="0.097" tests="1">
    <testcase classname="button 是个 div" name="button 是个 div" time="0.001">
    </testcase>
  </testsuite>
  <testsuite name="classes" errors="0" failures="0" skipped="0" timestamp="2022-09-08T06:27:18" time="0.087" tests="6">
    <testcase classname="classes 接受 1 个 className" name="classes 接受 1 个 className" time="0.001">
    </testcase>
    <testcase classname="classes 接受 2 个 className" name="classes 接受 2 个 className" time="0.001">
    </testcase>
    <testcase classname="classes 接受 undefined 结果不会出现 undefined" name="classes 接受 undefined 结果不会出现 undefined" time="0">
    </testcase>
    <testcase classname="classes 接受各种奇怪值" name="classes 接受各种奇怪值" time="0">
    </testcase>
    <testcase classname="classes 接受 0 个参数" name="classes 接受 0 个参数" time="0">
    </testcase>
    <testcase classname="scopedClassMaker 接受字符串或对象" name="scopedClassMaker 接受字符串或对象" time="0">
    </testcase>
  </testsuite>
  <testsuite name="我的第一个测试用例" errors="0" failures="0" skipped="0" timestamp="2022-09-08T06:27:19" time="0.081" tests="1">
    <testcase classname="我的第一个测试用例 add(1,2) 等于3" name="我的第一个测试用例 add(1,2) 等于3" time="0.001">
    </testcase>
  </testsuite>
</testsuites>